// Jest Snapshot v1, https://goo.gl/fbAQLP

exports[`Welcome renders 1`] = `
<div
  class="text-white flex items-center justify-center flex-col"
>
  <h1
    class="text-3xl"
  >
    
    üéµ Current song üéµ
  
  </h1>
   
  <p
    class="ml-8 mr-8 pt-4 pb-4"
  >
    
    Login with Spotify and get an URL you can add to OBS (or other streaming
    programs) to show your audiciente your current Spotify song.
  
  </p>
   
  <a
    class="bg-green-500 p-2 rounded-full m-2 hover:bg-green-400 shadow"
    href="https://accounts.spotify.com/authorize?response_type=token&client_id=undefined&scope=user-read-currently-playing&redirect_uri=http%3A%2F%2Flocalhost"
  >
    
  Login with Spotify

  </a>
   
  <footer
    class="text-white pt-4"
  >
    
    Made with ‚ù§ by 
    <a
      href="https://santiagomartin.dev"
    >
      @SantiMA10
    </a>
  </footer>
</div>
`;
